[backblue.gif]
[fade.gif]
[index.html]
[t.commonsupport.com/businest/images/favicon.png]
[t.commonsupport.com/businest/images/logo@2x.png]
[t.commonsupport.com/businest/images/icons/icon-1.png]
[t.commonsupport.com/businest/images/icons/icon-2.png]
[t.commonsupport.com/businest/images/icons/icon-6.png]
[t.commonsupport.com/businest/images/icons/icon-3.png]
[t.commonsupport.com/businest/images/icons/icon-7.png]
[t.commonsupport.com/businest/images/icons/icon-8.png]
[t.commonsupport.com/businest/images/icons/icon-5.png]
[t.commonsupport.com/businest/images/icons/icon-4.png]
[t.commonsupport.com/businest/images/main-slider/curve-layer.png]
[t.commonsupport.com/businest/images/main-slider/2.jpg]
[t.commonsupport.com/businest/images/icons/icon-9.png]
[t.commonsupport.com/businest/images/resource/service-1.jpg]
[t.commonsupport.com/businest/images/resource/service-2.jpg]
[t.commonsupport.com/businest/images/resource/case-1.jpg]
[t.commonsupport.com/businest/images/resource/case-2.jpg]
[t.commonsupport.com/businest/images/resource/case-3.jpg]
[t.commonsupport.com/businest/images/icons/icon-11.png]
[t.commonsupport.com/businest/images/icons/icon-12.png]
[t.commonsupport.com/businest/images/icons/icon-13.png]
[t.commonsupport.com/businest/images/resource/author-1.jpg]
[t.commonsupport.com/businest/images/resource/team-1.jpg]
[t.commonsupport.com/businest/images/resource/team-2.jpg]
[t.commonsupport.com/businest/images/resource/team-3.jpg]
[t.commonsupport.com/businest/images/resource/video-img.jpg]
[t.commonsupport.com/businest/images/background/1.jpg]
[t.commonsupport.com/businest/images/logo-2@2x.png]
[t.commonsupport.com/businest/js/jquery.js]
[t.commonsupport.com/businest/js/popper.min.js]
[t.commonsupport.com/businest/js/jquery-ui.js]
[t.commonsupport.com/businest/js/bootstrap.min.js]
[t.commonsupport.com/businest/js/jquery.fancybox.js]
[t.commonsupport.com/businest/js/owl.js]
[t.commonsupport.com/businest/js/parallax.min.js]
[t.commonsupport.com/businest/js/wow.js]
[t.commonsupport.com/businest/js/appear.js]
[t.commonsupport.com/businest/js/script.js]
[t.commonsupport.com/businest/index.html]
[t.commonsupport.com/businest/css/bootstrap.css]
[t.commonsupport.com/businest/fonts/ProductSans-Regular.eot]
[t.commonsupport.com/businest/fonts/ProductSans-Regular.woff]
[t.commonsupport.com/businest/fonts/ProductSans-Regular.ttf]
[t.commonsupport.com/businest/fonts/ProductSans-Bold.eot]
[t.commonsupport.com/businest/fonts/ProductSans-Bold.woff]
[t.commonsupport.com/businest/fonts/ProductSans-Bold.ttf]
[t.commonsupport.com/businest/images/icons/pattern-1.png]
[t.commonsupport.com/businest/css/style.css]
[t.commonsupport.com/businest/css/responsive.css]
[t.commonsupport.com/businest/index-2.html]
[t.commonsupport.com/businest/images/main-slider/3.jpg]
[t.commonsupport.com/businest/images/main-slider/5.jpg]
[t.commonsupport.com/businest/images/main-slider/4.jpg]
[t.commonsupport.com/businest/images/resource/image-1.jpg]
[t.commonsupport.com/businest/images/gallery/1.jpg]
[t.commonsupport.com/businest/images/gallery/2.jpg]
[t.commonsupport.com/businest/images/gallery/3.jpg]
[t.commonsupport.com/businest/images/gallery/4.jpg]
[t.commonsupport.com/businest/images/resource/image-2.jpg]
[t.commonsupport.com/businest/images/resource/author-2.jpg]
[t.commonsupport.com/businest/images/resource/news-1.jpg]
[t.commonsupport.com/businest/js/isotope.js]
[t.commonsupport.com/businest/index-3.html]
[t.commonsupport.com/businest/images/background/2.jpg]
[t.commonsupport.com/businest/about.html]
[t.commonsupport.com/businest/images/background/6.jpg]
[t.commonsupport.com/businest/images/resource/partner-1.png]
[t.commonsupport.com/businest/images/resource/partner-2.png]
[t.commonsupport.com/businest/images/resource/partner-3.png]
[t.commonsupport.com/businest/images/resource/partner-4.png]
[t.commonsupport.com/businest/images/resource/partner-5.png]
[t.commonsupport.com/businest/partners.html]
[t.commonsupport.com/businest/images/background/7.jpg]
[t.commonsupport.com/businest/images/resource/team-4.jpg]
[t.commonsupport.com/businest/images/resource/team-5.jpg]
[t.commonsupport.com/businest/images/resource/team-6.jpg]
[t.commonsupport.com/businest/images/resource/team-7.jpg]
[t.commonsupport.com/businest/images/resource/team-8.jpg]
[t.commonsupport.com/businest/images/resource/team-9.jpg]
[t.commonsupport.com/businest/team.html]
[t.commonsupport.com/businest/images/background/8.jpg]
[t.commonsupport.com/businest/images/background/pattern-1.png]
[t.commonsupport.com/businest/images/resource/author-3.jpg]
[t.commonsupport.com/businest/images/resource/author-4.jpg]
[t.commonsupport.com/businest/images/resource/author-5.jpg]
[t.commonsupport.com/businest/images/resource/author-6.jpg]
[t.commonsupport.com/businest/images/resource/author-7.jpg]
[t.commonsupport.com/businest/images/resource/author-8.jpg]
[t.commonsupport.com/businest/testimonial.html]
[t.commonsupport.com/businest/images/background/9.jpg]
[t.commonsupport.com/businest/price.html]
[t.commonsupport.com/businest/js/countdown.js]
[t.commonsupport.com/businest/comming-soon.html]
[t.commonsupport.com/businest/images/background/3.jpg]
[t.commonsupport.com/businest/services-1.html]
[t.commonsupport.com/businest/images/background/4.jpg]
[t.commonsupport.com/businest/images/resource/service-3.jpg]
[t.commonsupport.com/businest/images/resource/service-4.jpg]
[t.commonsupport.com/businest/finance-planing.html]
[t.commonsupport.com/businest/investment-plan.html]
[t.commonsupport.com/businest/growth-tracking.html]
[t.commonsupport.com/businest/training-workshop.html]
[t.commonsupport.com/businest/business-analysis.html]
[t.commonsupport.com/businest/personal-insurance.html]
[t.commonsupport.com/businest/images/background/5.jpg]
[t.commonsupport.com/businest/images/resource/company-3.jpg]
[t.commonsupport.com/businest/images/resource/company-4.jpg]
[t.commonsupport.com/businest/company.html]
[t.commonsupport.com/businest/images/resource/company-1.jpg]
[t.commonsupport.com/businest/images/resource/company-2.jpg]
[t.commonsupport.com/businest/images/resource/timeline-1.jpg]
[t.commonsupport.com/businest/images/resource/timeline-2.jpg]
[t.commonsupport.com/businest/images/resource/timeline-3.jpg]
[t.commonsupport.com/businest/images/resource/timeline-4.jpg]
[t.commonsupport.com/businest/images/clients/1.png]
[t.commonsupport.com/businest/images/clients/2.png]
[t.commonsupport.com/businest/images/clients/3.png]
[t.commonsupport.com/businest/images/clients/4.png]
[t.commonsupport.com/businest/images/clients/5.png]
[t.commonsupport.com/businest/images/clients/6.png]
[t.commonsupport.com/businest/company-history.html]
[t.commonsupport.com/businest/images/background/13.jpg]
[t.commonsupport.com/businest/images/gallery/21.jpg]
[t.commonsupport.com/businest/images/gallery/22.jpg]
[t.commonsupport.com/businest/images/gallery/23.jpg]
[t.commonsupport.com/businest/images/gallery/24.jpg]
[t.commonsupport.com/businest/images/gallery/25.jpg]
[t.commonsupport.com/businest/images/gallery/26.jpg]
[t.commonsupport.com/businest/images/gallery/27.jpg]
[t.commonsupport.com/businest/images/gallery/28.jpg]
[t.commonsupport.com/businest/images/gallery/29.jpg]
[t.commonsupport.com/businest/images/gallery/30.jpg]
[t.commonsupport.com/businest/images/gallery/31.jpg]
[t.commonsupport.com/businest/images/gallery/32.jpg]
[t.commonsupport.com/businest/js/mixitup.js]
[t.commonsupport.com/businest/gallery-3-column.html]
[t.commonsupport.com/businest/images/gallery/5.jpg]
[t.commonsupport.com/businest/images/gallery/6.jpg]
[t.commonsupport.com/businest/images/gallery/7.jpg]
[t.commonsupport.com/businest/images/gallery/8.jpg]
[t.commonsupport.com/businest/images/gallery/9.jpg]
[t.commonsupport.com/businest/images/gallery/10.jpg]
[t.commonsupport.com/businest/images/gallery/11.jpg]
[t.commonsupport.com/businest/images/gallery/12.jpg]
[t.commonsupport.com/businest/images/gallery/13.jpg]
[t.commonsupport.com/businest/images/gallery/14.jpg]
[t.commonsupport.com/businest/images/gallery/15.jpg]
[t.commonsupport.com/businest/images/gallery/16.jpg]
[t.commonsupport.com/businest/images/gallery/17.jpg]
[t.commonsupport.com/businest/images/gallery/18.jpg]
[t.commonsupport.com/businest/images/gallery/19.jpg]
[t.commonsupport.com/businest/images/gallery/20.jpg]
[t.commonsupport.com/businest/gallery-4-column.html]
[t.commonsupport.com/businest/images/gallery/33.jpg]
[t.commonsupport.com/businest/images/gallery/34.jpg]
[t.commonsupport.com/businest/images/gallery/35.jpg]
[t.commonsupport.com/businest/images/gallery/36.jpg]
[t.commonsupport.com/businest/images/gallery/37.jpg]
[t.commonsupport.com/businest/images/gallery/39.jpg]
[t.commonsupport.com/businest/images/gallery/38.jpg]
[t.commonsupport.com/businest/images/gallery/40.jpg]
[t.commonsupport.com/businest/images/gallery/41.jpg]
[t.commonsupport.com/businest/images/gallery/42.jpg]
[t.commonsupport.com/businest/images/gallery/43.jpg]
[t.commonsupport.com/businest/images/gallery/44.jpg]
[t.commonsupport.com/businest/images/gallery/45.jpg]
[t.commonsupport.com/businest/images/gallery/46.jpg]
[t.commonsupport.com/businest/images/gallery/47.jpg]
[t.commonsupport.com/businest/images/gallery/48.jpg]
[t.commonsupport.com/businest/gallery-masonry-one.html]
[t.commonsupport.com/businest/images/background/12.jpg]
[t.commonsupport.com/businest/images/gallery/49.jpg]
[t.commonsupport.com/businest/images/gallery/50.jpg]
[t.commonsupport.com/businest/images/gallery/51.jpg]
[t.commonsupport.com/businest/images/gallery/52.jpg]
[t.commonsupport.com/businest/images/gallery/53.jpg]
[t.commonsupport.com/businest/images/gallery/54.jpg]
[t.commonsupport.com/businest/images/gallery/55.jpg]
[t.commonsupport.com/businest/images/gallery/57.jpg]
[t.commonsupport.com/businest/images/gallery/56.jpg]
[t.commonsupport.com/businest/images/gallery/58.jpg]
[t.commonsupport.com/businest/images/gallery/59.jpg]
[t.commonsupport.com/businest/images/gallery/60.jpg]
[t.commonsupport.com/businest/gallery-masonry-two.html]
[t.commonsupport.com/businest/images/gallery/61.jpg]
[t.commonsupport.com/businest/images/gallery/62.jpg]
[t.commonsupport.com/businest/images/gallery/63.jpg]
[t.commonsupport.com/businest/images/gallery/64.jpg]
[t.commonsupport.com/businest/images/gallery/65.jpg]
[t.commonsupport.com/businest/images/gallery/66.jpg]
[t.commonsupport.com/businest/images/gallery/67.jpg]
[t.commonsupport.com/businest/images/gallery/68.jpg]
[t.commonsupport.com/businest/js/sticky.js]
[t.commonsupport.com/businest/gallery-detail.html]
[t.commonsupport.com/businest/images/background/11.jpg]
[t.commonsupport.com/businest/images/resource/news-2.jpg]
[t.commonsupport.com/businest/images/resource/news-3.jpg]
[t.commonsupport.com/businest/images/resource/news-4.jpg]
[t.commonsupport.com/businest/images/resource/news-5.jpg]
[t.commonsupport.com/businest/images/resource/news-6.jpg]
[t.commonsupport.com/businest/images/resource/news-7.jpg]
[t.commonsupport.com/businest/images/resource/news-8.jpg]
[t.commonsupport.com/businest/images/resource/news-9.jpg]
[t.commonsupport.com/businest/images/resource/post-thumb-1.jpg]
[t.commonsupport.com/businest/images/resource/post-thumb-2.jpg]
[t.commonsupport.com/businest/images/resource/post-thumb-3.jpg]
[t.commonsupport.com/businest/images/resource/post-thumb-4.jpg]
[t.commonsupport.com/businest/blog.html]
[t.commonsupport.com/businest/images/resource/news-10.jpg]
[t.commonsupport.com/businest/images/resource/news-11.jpg]
[t.commonsupport.com/businest/images/resource/author-9.jpg]
[t.commonsupport.com/businest/images/resource/author-10.jpg]
[t.commonsupport.com/businest/images/resource/author-11.jpg]
[t.commonsupport.com/businest/images/resource/author-12.jpg]
[t.commonsupport.com/businest/blog-single.html]
[t.commonsupport.com/businest/images/resource/error.jpg]
[t.commonsupport.com/businest/not-found.html]
[t.commonsupport.com/businest/images/background/10.jpg]
[t.commonsupport.com/businest/images/icons/map-marker.png]
[t.commonsupport.com/businest/js/validate.js]
[t.commonsupport.com/businest/js/map-script.js]
[t.commonsupport.com/businest/contact.html]
[t.commonsupport.com/businest/fonts/Pe-icon-7-strokebb1d.eot]
[t.commonsupport.com/businest/fonts/Pe-icon-7-stroked41d.eot]
[t.commonsupport.com/businest/fonts/Pe-icon-7-strokebb1d.woff]
[t.commonsupport.com/businest/fonts/Pe-icon-7-strokebb1d.ttf]
[t.commonsupport.com/businest/css/pe-icon-7-stroke.css]
[t.commonsupport.com/businest/fonts/Simple-Line-Iconsb26c.eot]
[t.commonsupport.com/businest/fonts/Simple-Line-Iconsb26c.woff2]
[t.commonsupport.com/businest/fonts/Simple-Line-Iconsb26c.ttf]
[t.commonsupport.com/businest/fonts/Simple-Line-Iconsb26c.woff]
[t.commonsupport.com/businest/css/simple-line-icons.css]
[t.commonsupport.com/businest/fonts/fa-brands-400.eot]
[t.commonsupport.com/businest/fonts/fa-brands-400.woff2]
[t.commonsupport.com/businest/fonts/fa-brands-400d41d.eot]
[t.commonsupport.com/businest/fonts/fa-brands-400.woff]
[t.commonsupport.com/businest/fonts/fa-brands-400.ttf]
[t.commonsupport.com/businest/fonts/fa-regular-400.eot]
[t.commonsupport.com/businest/fonts/fa-regular-400d41d.eot]
[t.commonsupport.com/businest/fonts/fa-regular-400.woff2]
[t.commonsupport.com/businest/fonts/fa-regular-400.woff]
[t.commonsupport.com/businest/fonts/fa-regular-400.ttf]
[t.commonsupport.com/businest/fonts/fa-solid-900.eot]
[t.commonsupport.com/businest/fonts/fa-solid-900.woff2]
[t.commonsupport.com/businest/fonts/fa-solid-900d41d.eot]
[t.commonsupport.com/businest/fonts/fa-solid-900.woff]
[t.commonsupport.com/businest/fonts/fa-solid-900.ttf]
[t.commonsupport.com/businest/css/fontawesome-all.css]
[t.commonsupport.com/businest/css/animate.css]
[t.commonsupport.com/businest/fonts/flaticon.eot]
[t.commonsupport.com/businest/fonts/flaticon.woff]
[t.commonsupport.com/businest/fonts/flaticond41d.eot]
[t.commonsupport.com/businest/fonts/flaticon.ttf]
[t.commonsupport.com/businest/css/flaticon.css]
[t.commonsupport.com/businest/css/owl.css]
[t.commonsupport.com/businest/css/images/ui-icons_444444_256x240.png]
[t.commonsupport.com/businest/css/images/ui-icons_555555_256x240.png]
[t.commonsupport.com/businest/css/jquery-ui.css]
[t.commonsupport.com/businest/css/jquery.fancybox.min.css]
[t.commonsupport.com/businest/fonts/ProductSans-Regular.svg]
[t.commonsupport.com/businest/fonts/ProductSans-Bold.svg]
[t.commonsupport.com/businest/images/icons/preloader.svg]
[t.commonsupport.com/businest/building-construction.html]
[t.commonsupport.com/businest/fonts/Pe-icon-7-strokebb1d.svg]
[t.commonsupport.com/businest/fonts/Simple-Line-Iconsb26c.svg]
[t.commonsupport.com/businest/fonts/fa-brands-400.svg]
[t.commonsupport.com/businest/fonts/fa-regular-400.svg]
[t.commonsupport.com/businest/fonts/fa-solid-900.svg]
[t.commonsupport.com/businest/fonts/flaticon.html]
[t.commonsupport.com/businest/css/owl.video.play.html]
[t.commonsupport.com/businest/css/images/ui-icons_777620_256x240.html]
[t.commonsupport.com/businest/css/images/ui-icons_cc0000_256x240.html]
